Inputs: 
    startSettings: AcousticSettingsRaw: 
        SystemType: ARIS 3000 (1)
        FrameRate: 1/s
        SampleCount: 1200
        SampleStartDelay: 0.000950 s
        SamplePeriod: 0.000004 s
        PulseWidth: 0.000006 s
        PingMode: PingMode 9, 128 beams
        EnableTransmit: True
        Frequency: High
        Enable150Volts: True
        ReceiverGain: 0
        FocusDistance: 8.000 m
        AntiAliasing: 0.000000 s
        InterpacketDelay: InterpacketDelaySettings: 
            Enable: False
            Delay: 0.000000 s
        Salinity: Brackish
        CyclePeriod (calculated): 0.006170 s
Outputs: 
    result: AcousticSettingsRaw: 
        SystemType: ARIS 3000 (1)
        FrameRate: 1/s
        SampleCount: 1200
        SampleStartDelay: 0.000930 s
        SamplePeriod: 0.000006 s
        PulseWidth: 0.000011 s
        PingMode: PingMode 9, 128 beams
        EnableTransmit: True
        Frequency: High
        Enable150Volts: True
        ReceiverGain: 0
        FocusDistance: 3.360 m
        AntiAliasing: 0.000000 s
        InterpacketDelay: InterpacketDelaySettings: 
            Enable: False
            Delay: 0.000000 s
        Salinity: Brackish
        CyclePeriod (calculated): 0.008550 s
