Inputs: 
    AcousticSettingsRaw: 
        SystemType: ARIS 3000 (1)
        FrameRate: 1/s
        SampleCount: 1200
        SampleStartDelay: 0.000930 s
        SamplePeriod: 0.000004 s
        PulseWidth: 0.000004 s
        PingMode: PingMode 9
        EnableTransmit: True
        Frequency: High
        Enable150Volts: True
        ReceiverGain: 0
        FocusPosition: 8.000 m
        AntiAliasing: 0.000000 s
        InterpacketDelaySettings: 
            Enable: False
            Delay: 0.000000 s
        Salinity: Brackish
        CyclePeriod (calculated): 0.007257 s
Outputs: 
    AcousticSettingsRaw: 
        SystemType: ARIS 3000 (1)
        FrameRate: 1/s
        SampleCount: 1200
        SampleStartDelay: 0.000930 s
        SamplePeriod: 0.000004 s
        PulseWidth: 0.000004 s
        PingMode: PingMode 9
        EnableTransmit: True
        Frequency: High
        Enable150Volts: True
        ReceiverGain: 0
        FocusPosition: 8.000 m
        AntiAliasing: 0.000000 s
        InterpacketDelaySettings: 
            Enable: False
            Delay: 0.000000 s
        Salinity: Brackish
        CyclePeriod (calculated): 0.007257 s
